
heart@DESKTOP-AE873ES MINGW64 /d/zemoso/learning/git/day1-4/git-katas/basic-staging (master)
$ source setup.sh
Initialized empty Git repository in D:/zemoso/learning/git/day1-4/git-katas/basic-staging/exercise/.git/
Successfully configured local username and email
Successfully disable local GPG signing
warning: in the working copy of 'file.txt', LF will be replaced by CRLF the next time Git touches it
[master (root-commit) a190c91] 1
 1 file changed, 1 insertion(+)
 create mode 100644 file.txt
Successfully unset local username and email
Successfully unset local GPG signing

heart@DESKTOP-AE873ES MINGW64 /d/zemoso/learning/git/day1-4/git-katas/basic-staging/exercise (master)
$ cat file.txt
1

heart@DESKTOP-AE873ES MINGW64 /d/zemoso/learning/git/day1-4/git-katas/basic-staging/exercise (master)
$ echo 2 > file.txt

heart@DESKTOP-AE873ES MINGW64 /d/zemoso/learning/git/day1-4/git-katas/basic-staging/exercise (master)
$ git diff
warning: in the working copy of 'file.txt', LF will be replaced by CRLF the next time Git touches it
diff --git a/file.txt b/file.txt
index d00491f..0cfbf08 100644
--- a/file.txt
+++ b/file.txt
@@ -1 +1 @@
-1
+2

heart@DESKTOP-AE873ES MINGW64 /d/zemoso/learning/git/day1-4/git-katas/basic-staging/exercise (master)
$ git diff --staged

heart@DESKTOP-AE873ES MINGW64 /d/zemoso/learning/git/day1-4/git-katas/basic-staging/exercise (master)
$ git add file.txt
warning: in the working copy of 'file.txt', LF will be replaced by CRLF the next time Git touches it

heart@DESKTOP-AE873ES MINGW64 /d/zemoso/learning/git/day1-4/git-katas/basic-staging/exercise (master)
$ git diff

heart@DESKTOP-AE873ES MINGW64 /d/zemoso/learning/git/day1-4/git-katas/basic-staging/exercise (master)
$ git diff --staged
diff --git a/file.txt b/file.txt
index d00491f..0cfbf08 100644
--- a/file.txt
+++ b/file.txt
@@ -1 +1 @@
-1
+2

heart@DESKTOP-AE873ES MINGW64 /d/zemoso/learning/git/day1-4/git-katas/basic-staging/exercise (master)
$ echo 3 > file.txt

heart@DESKTOP-AE873ES MINGW64 /d/zemoso/learning/git/day1-4/git-katas/basic-staging/exercise (master)
$ git diff
warning: in the working copy of 'file.txt', LF will be replaced by CRLF the next time Git touches it
diff --git a/file.txt b/file.txt
index 0cfbf08..00750ed 100644
--- a/file.txt
+++ b/file.txt
@@ -1 +1 @@
-2
+3

heart@DESKTOP-AE873ES MINGW64 /d/zemoso/learning/git/day1-4/git-katas/basic-staging/exercise (master)
$ git diff --staged
diff --git a/file.txt b/file.txt
index d00491f..0cfbf08 100644
--- a/file.txt
+++ b/file.txt
@@ -1 +1 @@
-1
+2

heart@DESKTOP-AE873ES MINGW64 /d/zemoso/learning/git/day1-4/git-katas/basic-staging/exercise (master)
$ git status
On branch master
Changes to be committed:
  (use "git restore --staged <file>..." to unstage)
        modified:   file.txt

Changes not staged for commit:
  (use "git add <file>..." to update what will be committed)
  (use "git restore <file>..." to discard changes in working directory)
        modified:   file.txt


heart@DESKTOP-AE873ES MINGW64 /d/zemoso/learning/git/day1-4/git-katas/basic-staging/exercise (master)
$ git restore --staged file.txt

heart@DESKTOP-AE873ES MINGW64 /d/zemoso/learning/git/day1-4/git-katas/basic-staging/exercise (master)
$ git status
On branch master
Changes not staged for commit:
  (use "git add <file>..." to update what will be committed)
  (use "git restore <file>..." to discard changes in working directory)
        modified:   file.txt

no changes added to commit (use "git add" and/or "git commit -a")

heart@DESKTOP-AE873ES MINGW64 /d/zemoso/learning/git/day1-4/git-katas/basic-staging/exercise (master)
$ cat file.txt
3

heart@DESKTOP-AE873ES MINGW64 /d/zemoso/learning/git/day1-4/git-katas/basic-staging/exercise (master)
$ git add file.txt
warning: in the working copy of 'file.txt', LF will be replaced by CRLF the next time Git touches it

heart@DESKTOP-AE873ES MINGW64 /d/zemoso/learning/git/day1-4/git-katas/basic-staging/exercise (master)
$ git commit -m "1st commit"
[master e370467] 1st commit
 1 file changed, 1 insertion(+), 1 deletion(-)

heart@DESKTOP-AE873ES MINGW64 /d/zemoso/learning/git/day1-4/git-katas/basic-staging/exercise (master)
$ git log
commit e3704676f3d025d984ecd6e02472eb4544a518f8 (HEAD -> master)
Author: Nithin <nithin.vanamala@zemosolabs.com>
Date:   Wed Nov 9 18:12:19 2022 +0530

    1st commit

commit a190c919cf661ea80d845b633327aa648577d37d
Author: git-katas trainer bot <git-katas@example.com>
Date:   Wed Nov 9 18:06:38 2022 +0530

    1

heart@DESKTOP-AE873ES MINGW64 /d/zemoso/learning/git/day1-4/git-katas/basic-staging/exercise (master)
$ echo 4 > file.txt

heart@DESKTOP-AE873ES MINGW64 /d/zemoso/learning/git/day1-4/git-katas/basic-staging/exercise (master)
$ cat file.txt
4

heart@DESKTOP-AE873ES MINGW64 /d/zemoso/learning/git/day1-4/git-katas/basic-staging/exercise (master)
$ git status
On branch master
Changes not staged for commit:
  (use "git add <file>..." to update what will be committed)
  (use "git restore <file>..." to discard changes in working directory)
        modified:   file.txt

no changes added to commit (use "git add" and/or "git commit -a")

heart@DESKTOP-AE873ES MINGW64 /d/zemoso/learning/git/day1-4/git-katas/basic-staging/exercise (master)
$ git restore file.txt

heart@DESKTOP-AE873ES MINGW64 /d/zemoso/learning/git/day1-4/git-katas/basic-staging/exercise (master)
$ cat file.txt
3

heart@DESKTOP-AE873ES MINGW64 /d/zemoso/learning/git/day1-4/git-katas/basic-staging/exercise (master)
$ git status
On branch master
nothing to commit, working tree clean

heart@DESKTOP-AE873ES MINGW64 /d/zemoso/learning/git/day1-4/git-katas/basic-staging/exercise (master)
$
